[backblue.gif]
[fade.gif]
[index.html]
[oramyun.com/portal/img/og-img.png]
[oramyun.com/portal/img/layout/ico_favicon_16.png]
[oramyun.com/portal/img/layout/ico_favicon_32.png]
[oramyun.com/portal/cmmJs/jquery-3.4.1.min.js]
[oramyun.com/portal/cmmJs/jquery.easing.1.3.js]
[oramyun.com/portal/cmmJs/swiper.min.js]
[oramyun.com/portal/cmmJs/lazyload.min.js]
[code.jquery.com/jquery-1.12.4.js]
[ajax.googleapis.com/ajax/libs/jquery/1.7.1/jquery.min.js]
[unpkg.com/aos@2.3.1/dist/aos.css]
[oramyun.com/portal/img/eventpop/img_eventpop_quiz.png]
[oramyun.com/portal/img/eventpop/img_eventpop_quiz_mobile.png]
[code.jquery.com/ui/1.8.18/jquery-ui.min.js]
[developers.kakao.com/sdk/js/kakao.js]
[oramyun.com/portal/img/main/renew/img_sec01_character.png]
[oramyun.com/data/SITE000001/ORMN_REVIEW/sample_ORMN_REVIEW_202111201251195072.jpg]
[t1.daumcdn.net/adfit/static/kp.js]
[oramyun.com/share/cmm/img/no-img.png]
[oramyun.com/data/SITE000001/ORMN_REVIEW/sample_ORMN_REVIEW_202111180936537180.jpg]
[oramyun.com/data/SITE000001/ORMN_REVIEW/sample_ORMN_REVIEW_202111150249041150.png]
[oramyun.com/data/SITE000001/ORMN_REVIEW/sample_ORMN_REVIEW_202111130742120362.jpg]
[oramyun.com/data/SITE000001/ORMN_REVIEW/sample_ORMN_REVIEW_202111120322285970.jpg]
[oramyun.com/data/SITE000001/ORMN_REVIEW/sample_ORMN_REVIEW_202111110820213310.jpg]
[oramyun.com/data/SITE000001/ORMN_REVIEW/sample_ORMN_REVIEW_202111110745307850.jpg]
[oramyun.com/data/SITE000001/ORMN_REVIEW/sample_ORMN_REVIEW_202110260255302181.jpg]
[oramyun.com/data/SITE000001/ORMN_REVIEW/sample_ORMN_REVIEW_202110260154315354.jpg]
[oramyun.com/data/SITE000001/ORMN_REVIEW/sample_ORMN_REVIEW_202110210710395980.jpg]
[oramyun.com/data/SITE000001/ORMN_REVIEW/sample_ORMN_REVIEW_202110200505225200.jpg]
[oramyun.com/data/SITE000001/ORMN_REVIEW/sample_ORMN_REVIEW_202110200446354110.jpg]
[oramyun.com/data/SITE000001/ORMN_REVIEW/sample_ORMN_REVIEW_202110211150319611.png]
[oramyun.com/data/SITE000001/ORMN_REVIEW/sample_ORMN_REVIEW_202110210124336311.jpg]
[oramyun.com/data/SITE000001/ORMN_REVIEW/sample_ORMN_REVIEW_202110181059470410.jpg]
[oramyun.com/data/SITE000001/ORMN_REVIEW/sample_ORMN_REVIEW_202110160113262870.jpg]
[scontent-ssn1-1.cdninstagram.com/v/t51.29350-15/258849192_1278756542642508_7323801588416416825_n46e1.jpg]
[scontent-ssn1-1.cdninstagram.com/v/t51.29350-15/258225993_3054284488161450_7864879869763557647_n3329.jpg]
[scontent-ssn1-1.cdninstagram.com/v/t51.29350-15/258424224_3034858550135329_7004106727546176859_nf507.jpg]
[scontent-ssn1-1.cdninstagram.com/v/t51.29350-15/258193376_314297650271566_5404049629235950544_n5853.jpg]
[scontent-ssn1-1.cdninstagram.com/v/t51.29350-15/255639634_300333815271499_1076904918164012613_n47cd.jpg]
[oramyun.com/portal/js/main_renew.js]
[oramyun.com/share/cmm/js/jquery/jqueryFromCheck.js]
[oramyun.com/portal/js/layout.js]
[wcs.naver.net/wcslog.js]
[unpkg.com/aos@2.3.1/dist/aos.js]
[oramyun.com/portal/js/sub.js]
[oramyun.com/index.html]
[oramyun.com/portal/cmmCss/cmm-importd5f7.css]
[oramyun.com/portal/cmmCss/swiper.css]
[oramyun.com/portal/css/importd5f7.css]
[oramyun.com/portal/cmmCss/datepicker_style.css]
[unpkg.com/aos@2.3.1/dist/aos.css]
[oramyun.com/share/cmm/js/form.js]
[oramyun.com/data/SITE000001/ORMN_QUIZ/ORMN_QUIZ_202111080336173970.png]
[oramyun.com/data/SITE000001/ORMN_RMN/ORMN_RMN_202112030410299750.png]
[oramyun.com/data/SITE000001/ORMN_RMN/ORMN_RMN_202112030347245920.png]
[oramyun.com/data/SITE000001/ORMN_RMN/ORMN_RMN_202112030344362210.png]
[oramyun.com/data/SITE000001/ORMN_RMN/ORMN_RMN_202112030310000210.png]
[oramyun.com/data/SITE000001/ORMN_RMN/ORMN_RMN_202112030307563970.png]
[oramyun.com/data/SITE000001/ORMN_RMN/ORMN_RMN_202112030300326470.png]
[oramyun.com/data/SITE000001/ORMN_RMN/ORMN_RMN_202112030258556250.png]
[oramyun.com/data/SITE000001/ORMN_RMN/ORMN_RMN_202112030257396680.png]
[oramyun.com/data/SITE000001/ORMN_RMN/ORMN_RMN_202112030227268850.png]
[oramyun.com/data/SITE000001/ORMN_RMN/ORMN_RMN_202112030225439310.png]
[oramyun.com/data/SITE000001/ORMN_RMN/ORMN_RMN_202112030224074130.png]
[oramyun.com/data/SITE000001/ORMN_RMN/ORMN_RMN_202112030221544290.png]
[oramyun.com/data/SITE000001/ORMN_RMN/ORMN_RMN_202112030219544060.png]
[oramyun.com/data/SITE000001/ORMN_RMN/ORMN_RMN_202112030217000430.png]
[oramyun.com/data/SITE000001/ORMN_RMN/ORMN_RMN_202112030204552780.png]
[oramyun.com/data/SITE000001/ORMN_RMN/ORMN_RMN_202112030159513110.png]
[oramyun.com/data/SITE000001/ORMN_RMN/ORMN_RMN_202112030149304270.png]
[oramyun.com/data/SITE000001/ORMN_RMN/ORMN_RMN_202112030141288090.png]
[oramyun.com/data/SITE000001/ORMN_RMN/ORMN_RMN_202112030139435760.png]
[oramyun.com/data/SITE000001/ORMN_RMN/ORMN_RMN_202112030117286510.png]
[oramyun.com/data/SITE000001/ORMN_RMN/ORMN_RMN_202112030113031450.png]
[oramyun.com/data/SITE000001/ORMN_RMN/ORMN_RMN_202112031034401680.png]
[oramyun.com/data/SITE000001/ORMN_RMN/ORMN_RMN_202112031031399600.png]
[oramyun.com/data/SITE000001/ORMN_RMN/ORMN_RMN_202112031028579810.png]
[oramyun.com/data/SITE000001/ORMN_RMN/ORMN_RMN_202112031023467340.png]
[oramyun.com/data/SITE000001/ORMN_RMN/ORMN_RMN_202112031021011690.png]
[oramyun.com/data/SITE000001/ORMN_RMN/ORMN_RMN_202112031014599420.png]
[oramyun.com/data/SITE000001/ORMN_RMN/ORMN_RMN_202112031012419230.png]
[oramyun.com/data/SITE000001/ORMN_RMN/ORMN_RMN_202112031011053150.png]
[oramyun.com/data/SITE000001/ORMN_RMN/ORMN_RMN_202112031008530620.png]
[oramyun.com/data/SITE000001/ORMN_RMN/ORMN_RMN_202112030956423590.png]
[oramyun.com/data/SITE000001/ORMN_RMN/ORMN_RMN_202112030953057890.png]
[oramyun.com/data/SITE000001/ORMN_RMN/ORMN_RMN_202112030945105170.png]
[oramyun.com/data/SITE000001/ORMN_RMN/ORMN_RMN_202112030930273930.png]
[oramyun.com/data/SITE000001/ORMN_RMN/ORMN_RMN_202112030925130280.png]
[oramyun.com/data/SITE000001/ORMN_RMN/ORMN_RMN_202112030919273260.png]
[oramyun.com/data/SITE000001/ORMN_RMN/ORMN_RMN_202112020555470820.png]
[oramyun.com/data/SITE000001/ORMN_RMN/ORMN_RMN_202112020552335640.png]
[oramyun.com/data/SITE000001/ORMN_RMN/ORMN_RMN_202112020525040670.png]
[oramyun.com/data/SITE000001/ORMN_RMN/ORMN_RMN_202112020516475980.png]
[oramyun.com/data/SITE000001/ORMN_RMN/ORMN_RMN_202112020457223040.png]
[oramyun.com/data/SITE000001/ORMN_RMN/ORMN_RMN_202112020452167930.png]
[oramyun.com/data/SITE000001/ORMN_RMN/ORMN_RMN_202112020427514940.png]
[oramyun.com/data/SITE000001/ORMN_RMN/ORMN_RMN_202112020426127120.png]
[oramyun.com/data/SITE000001/ORMN_RMN/ORMN_RMN_202112020422325620.png]
[oramyun.com/data/SITE000001/ORMN_RMN/ORMN_RMN_202112020417209960.png]
[oramyun.com/data/SITE000001/ORMN_RMN/ORMN_RMN_202112010450198571.png]
[oramyun.com/data/SITE000001/ORMN_RMN/ORMN_RMN_202111290345578700.png]
[oramyun.com/data/SITE000001/ORMN_RMN/ORMN_RMN_202111290337484950.png]
[oramyun.com/data/SITE000001/ORMN_RMN/ORMN_RMN_202111290329567300.png]
[oramyun.com/data/SITE000001/ORMN_RMN/ORMN_RMN_202111290308495980.png]
[oramyun.com/data/SITE000001/ORMN_RMN/ORMN_RMN_202111290259101830.png]
[oramyun.com/data/SITE000001/ORMN_RMN/ORMN_RMN_202111120523386370.png]
[oramyun.com/data/SITE000001/ORMN_RMN/ORMN_RMN_202111120513322240.png]
[oramyun.com/data/SITE000001/ORMN_RMN/ORMN_RMN_202111121005495850.png]
[oramyun.com/data/SITE000001/ORMN_RMN/ORMN_RMN_202111120952487880.png]
[oramyun.com/data/SITE000001/ORMN_RMN/ORMN_RMN_202111120938190070.png]
[oramyun.com/data/SITE000001/ORMN_RMN/ORMN_RMN_202111120928581490.png]
[oramyun.com/data/SITE000001/ORMN_RMN/ORMN_RMN_202111110559343180.png]
[oramyun.com/data/SITE000001/ORMN_RMN/ORMN_RMN_202111110546027860.png]
[oramyun.com/data/SITE000001/ORMN_RMN/ORMN_RMN_202111110542403920.png]
[oramyun.com/data/SITE000001/ORMN_RMN/ORMN_RMN_202111120119098961.png]
[oramyun.com/data/SITE000001/ORMN_RMN/ORMN_RMN_202111110531291200.png]
[oramyun.com/data/SITE000001/ORMN_RMN/ORMN_RMN_202111110519422331.png]
[oramyun.com/data/SITE000001/ORMN_RMN/ORMN_RMN_202111110515540031.png]
[oramyun.com/data/SITE000001/ORMN_RMN/ORMN_RMN_202111110515216541.png]
[oramyun.com/data/SITE000001/ORMN_RMN/ORMN_RMN_202109031136567400.png]
[oramyun.com/data/SITE000001/ORMN_RMN/ORMN_RMN_202109031122312100.png]
[oramyun.com/data/SITE000001/ORMN_RMN/ORMN_RMN_202109031113244900.png]
[oramyun.com/data/SITE000001/ORMN_RMN/ORMN_RMN_202109031050411970.png]
[oramyun.com/data/SITE000001/ORMN_RMN/ORMN_RMN_202109031044555180.png]
[oramyun.com/data/SITE000001/ORMN_RMN/ORMN_RMN_202109031042255680.png]
[oramyun.com/data/SITE000001/ORMN_RMN/ORMN_RMN_202109031030086390.png]
[oramyun.com/data/SITE000001/ORMN_RMN/ORMN_RMN_202109031003009310.png]
[oramyun.com/data/SITE000001/ORMN_RMN/ORMN_RMN_202109030938247310.png]
[oramyun.com/data/SITE000001/ORMN_RMN/ORMN_RMN_202109030918543770.png]
[oramyun.com/data/SITE000001/ORMN_RMN/ORMN_RMN_202109020558589420.png]
[oramyun.com/data/SITE000001/ORMN_RMN/ORMN_RMN_202109020552235850.png]
[oramyun.com/data/SITE000001/ORMN_RMN/ORMN_RMN_202109020544115630.png]
[oramyun.com/data/SITE000001/ORMN_RMN/ORMN_RMN_202109020538072370.png]
[oramyun.com/data/SITE000001/ORMN_RMN/ORMN_RMN_202109020528433910.png]
[oramyun.com/data/SITE000001/ORMN_RMN/ORMN_RMN_202109020527244520.png]
[oramyun.com/data/SITE000001/ORMN_RMN/ORMN_RMN_202109020453086050.png]
[oramyun.com/data/SITE000001/ORMN_RMN/ORMN_RMN_202109020449122120.png]
[oramyun.com/data/SITE000001/ORMN_RMN/ORMN_RMN_202109020428182160.png]
[oramyun.com/data/SITE000001/ORMN_RMN/ORMN_RMN_202109020426243810.png]
[oramyun.com/data/SITE000001/ORMN_RMN/ORMN_RMN_202109020416428190.png]
[oramyun.com/data/SITE000001/ORMN_RMN/ORMN_RMN_202109020403432020.png]
[oramyun.com/data/SITE000001/ORMN_RMN/ORMN_RMN_202109020353475320.png]
[oramyun.com/data/SITE000001/ORMN_RMN/ORMN_RMN_202109020343538450.png]
[oramyun.com/data/SITE000001/ORMN_RMN/ORMN_RMN_202109020335411500.png]
[oramyun.com/data/SITE000001/ORMN_RMN/ORMN_RMN_202109020323103390.png]
[oramyun.com/data/SITE000001/ORMN_RMN/ORMN_RMN_202109020316503730.png]
[oramyun.com/data/SITE000001/ORMN_RMN/ORMN_RMN_202109020247460400.png]
[oramyun.com/data/SITE000001/ORMN_RMN/ORMN_RMN_202109020230347080.png]
[oramyun.com/data/SITE000001/ORMN_RMN/ORMN_RMN_202109020217212140.png]
[oramyun.com/data/SITE000001/ORMN_RMN/ORMN_RMN_202109020203493420.png]
[oramyun.com/data/SITE000001/ORMN_RMN/ORMN_RMN_202109020146074530.png]
[oramyun.com/data/SITE000001/ORMN_RMN/ORMN_RMN_202109020134316830.png]
[oramyun.com/data/SITE000001/ORMN_RMN/ORMN_RMN_202109020132171730.png]
[oramyun.com/data/SITE000001/ORMN_RMN/ORMN_RMN_202109020125078890.png]
[oramyun.com/data/SITE000001/ORMN_RMN/ORMN_RMN_202109021150228070.png]
[oramyun.com/data/SITE000001/ORMN_RMN/ORMN_RMN_202109021138396030.png]
[oramyun.com/data/SITE000001/ORMN_RMN/ORMN_RMN_202109021129245780.png]
[oramyun.com/data/SITE000001/ORMN_RMN/ORMN_RMN_202109021118313500.png]
[oramyun.com/data/SITE000001/ORMN_RMN/ORMN_RMN_202109021102128050.png]
[oramyun.com/data/SITE000001/ORMN_RMN/ORMN_RMN_202109021054018380.png]
[oramyun.com/data/SITE000001/ORMN_RMN/ORMN_RMN_202109021050287430.png]
[oramyun.com/data/SITE000001/ORMN_RMN/ORMN_RMN_202109021030504220.png]
[oramyun.com/data/SITE000001/ORMN_RMN/ORMN_RMN_202109021022117700.png]
[oramyun.com/data/SITE000001/ORMN_RMN/ORMN_RMN_202109021010266770.png]
[oramyun.com/data/SITE000001/ORMN_RMN/ORMN_RMN_202109020947539330.png]
[oramyun.com/data/SITE000001/ORMN_RMN/ORMN_RMN_202109020930523030.png]
[oramyun.com/data/SITE000001/ORMN_RMN/ORMN_RMN_202109010550038540.png]
[oramyun.com/data/SITE000001/ORMN_RMN/ORMN_RMN_202109010540490170.png]
[oramyun.com/data/SITE000001/ORMN_RMN/ORMN_RMN_202109010450275210.png]
[oramyun.com/data/SITE000001/ORMN_RMN/ORMN_RMN_202109010437460150.png]
[oramyun.com/data/SITE000001/ORMN_RMN/ORMN_RMN_202109010426539160.png]
[oramyun.com/data/SITE000001/ORMN_RMN/ORMN_RMN_202109010336169740.png]
[oramyun.com/data/SITE000001/ORMN_RMN/ORMN_RMN_202109010248133080.png]
[oramyun.com/data/SITE000001/ORMN_RMN/ORMN_RMN_202109010226143920.png]
[oramyun.com/data/SITE000001/ORMN_RMN/ORMN_RMN_202109010220189340.png]
[oramyun.com/data/SITE000001/ORMN_RMN/ORMN_RMN_202109010205013600.png]
[oramyun.com/view00cd.html]
[ajax.googleapis.com/ajax/libs/jquery/1.12.0/jquery.min.js]
[oramyun.com/share/cmm/nhn_se2_mstr/dist/data/SITE000001/회원가입이벤트이미지_.png]
[oramyun.com/viewab3a.html]
[ssl.daumcdn.net/dmaps/map_js_init/postcode.v2.js]
[oramyun.com/data/SITE000001/ORMN_PKG/ORMN_PKG_202110150435272401.png]
[oramyun.com/portal/img/contents/img_subs_sel_pack01.png]
[oramyun.com/data/SITE000001/ORMN_PKG/ORMN_PKG_202109020509316021.png]
[oramyun.com/data/SITE000001/ORMN_PKG/ORMN_PKG_202111151039046881.png]
[oramyun.com/data/SITE000001/ORMN_PKG/ORMN_PKG_202111150118431371.png]
[oramyun.com/data/SITE000001/ORMN_PKG/ORMN_PKG_202111121152027721.png]
[oramyun.com/view1d70.html]
[oramyun.com/portal/img/contents/img_subs_sel_free.png]
[oramyun.com/portal/img/contents/img_subs_sel_recipe.png]
[oramyun.com/view7050.html]
[oramyun.com/data/SITE000001/ORMN_RCP/ORMN_RCP_202112030553371070.png]
[oramyun.com/data/SITE000001/ORMN_RCP/ORMN_RCP_202111020622018831.png]
[oramyun.com/data/SITE000001/ORMN_RCP/ORMN_RCP_202109060252054440.png]
[oramyun.com/view9ab4.html]
[oramyun.com/data/WC_BOARD_TXT/BRD0002/WC_BOARD_TXT_202109290550389860]
[oramyun.com/share/cmm/img/no-img-transparent.png]
[oramyun.com/data/WC_BOARD_TXT/BRD0002/WC_BOARD_TXT_202109060734154900]
[oramyun.com/data/WC_BOARD_TXT/BRD0002/WC_BOARD_TXT_202109290807186901]
[oramyun.com/data/WC_BOARD_TXT/BRD0002/WC_BOARD_TXT_202109290541002021]
[oramyun.com/view0420.html]
[oramyun.com/data/SITE000001/WC_BANNER/WC_BANNER_202110210635198420.png]
[oramyun.com/view14b1.html]
[oramyun.com/data/WC_BOARD_TXT/BRD0004/WC_BOARD_TXT_202112020648484620]
[oramyun.com/data/WC_BOARD_TXT/BRD0004/WC_BOARD_TXT_202111110319461430]
[oramyun.com/data/WC_BOARD_TXT/BRD0004/WC_BOARD_TXT_202110250952156610]
[oramyun.com/data/WC_BOARD_TXT/BRD0004/WC_BOARD_TXT_202109060726453400]
[oramyun.com/viewec98.html]
[oramyun.com/data/WC_BOARD_TXT/BRD0001/WC_BOARD_TXT_202112100945148542]
[oramyun.com/data/WC_BOARD_TXT/BRD0001/WC_BOARD_TXT_202112010937089401]
[oramyun.com/data/WC_BOARD_TXT/BRD0001/WC_BOARD_TXT_202109290443085573]
[oramyun.com/data/WC_BOARD_TXT/BRD0001/WC_BOARD_TXT_202112081132519041]
[oramyun.com/data/WC_BOARD_TXT/BRD0001/WC_BOARD_TXT_202112010533535302]
[oramyun.com/data/WC_BOARD_TXT/BRD0001/WC_BOARD_TXT_202109290454025334]
[oramyun.com/view6944.html]
[oramyun.com/view85f9.html]
[oramyun.com/view7ae0.html]
[oramyun.com/portal/img/main/intro/img_intro_bg03.png]
[oramyun.com/main75e1.html]
[oramyun.com/viewcfc4.html]
[oramyun.com/viewc040.html]
[oramyun.com/portal/cmmCss/common.css]
[oramyun.com/portal/cmmCss/default.css]
[oramyun.com/portal/cmmCss/fonts/notosans/woff2/NotoSans-Thin.woff2]
[oramyun.com/portal/cmmCss/fonts/notosans/woff/NotoSans-Thin.woff]
[oramyun.com/portal/cmmCss/fonts/notosans/woff2/NotoSans-Light.woff2]
[oramyun.com/portal/cmmCss/fonts/notosans/woff/NotoSans-Light.woff]
[oramyun.com/portal/cmmCss/fonts/notosans/woff2/NotoSans-DemiLight.woff2]
[oramyun.com/portal/cmmCss/fonts/notosans/woff/NotoSans-DemiLight.woff]
[oramyun.com/portal/cmmCss/fonts/notosans/woff2/NotoSans-Regular.woff2]
[oramyun.com/portal/cmmCss/fonts/notosans/woff/NotoSans-Regular.woff]
[oramyun.com/portal/cmmCss/fonts/notosans/woff2/NotoSans-Medium.woff2]
[oramyun.com/portal/cmmCss/fonts/notosans/woff/NotoSans-Medium.woff]
[oramyun.com/portal/cmmCss/fonts/notosans/woff2/NotoSans-Bold.woff2]
[oramyun.com/portal/cmmCss/fonts/notosans/woff/NotoSans-Bold.woff]
[oramyun.com/portal/cmmCss/fonts/notosans/woff2/NotoSans-Black.woff2]
[oramyun.com/portal/cmmCss/fonts/notosans/woff/NotoSans-Black.woff]
[oramyun.com/portal/cmmCss/fonts/opensans/woff/open-sans-v18-latin-regular.woff]
[oramyun.com/portal/cmmCss/fonts/opensans/woff/open-sans-v18-latin-700.woff]
[oramyun.com/portal/cmmCss/fonts/montserrat/montserrat-v14-latin-100d41d.eot]
[oramyun.com/portal/cmmCss/fonts/montserrat/montserrat-v14-latin-100.woff2]
[oramyun.com/portal/cmmCss/fonts/montserrat/montserrat-v14-latin-100.woff]
[oramyun.com/portal/cmmCss/fonts/montserrat/montserrat-v14-latin-100.ttf]
[oramyun.com/portal/cmmCss/fonts/montserrat/montserrat-v14-latin-300d41d.eot]
[oramyun.com/portal/cmmCss/fonts/montserrat/montserrat-v14-latin-300.woff2]
[oramyun.com/portal/cmmCss/fonts/montserrat/montserrat-v14-latin-300.woff]
[oramyun.com/portal/cmmCss/fonts/montserrat/montserrat-v14-latin-300.ttf]
[oramyun.com/portal/cmmCss/fonts/montserrat/montserrat-v14-latin-600d41d.eot]
[oramyun.com/portal/cmmCss/fonts/montserrat/montserrat-v14-latin-600.woff2]
[oramyun.com/portal/cmmCss/fonts/montserrat/montserrat-v14-latin-600.woff]
[oramyun.com/portal/cmmCss/fonts/montserrat/montserrat-v14-latin-600.ttf]
[oramyun.com/portal/cmmCss/fonts/montserrat/montserrat-v14-latin-700d41d.eot]
[oramyun.com/portal/cmmCss/fonts/montserrat/montserrat-v14-latin-700.woff2]
[oramyun.com/portal/cmmCss/fonts/montserrat/montserrat-v14-latin-700.woff]
[oramyun.com/portal/cmmCss/fonts/montserrat/montserrat-v14-latin-700.ttf]
[oramyun.com/portal/cmmCss/fonts/montserrat/montserrat-v14-latin-900d41d.eot]
[oramyun.com/portal/cmmCss/fonts/montserrat/montserrat-v14-latin-900.woff2]
[oramyun.com/portal/cmmCss/fonts/montserrat/montserrat-v14-latin-900.woff]
[oramyun.com/portal/cmmCss/fonts/montserrat/montserrat-v14-latin-900.ttf]
[oramyun.com/portal/cmmCss/fonts/GmarketSans/GmarketSansTTFBold.otf]
[oramyun.com/portal/cmmCss/fonts/GmarketSans/GmarketSansTTFBold.ttf]
[oramyun.com/portal/cmmCss/fonts/GmarketSans/GmarketSansTTFBold.woff]
[oramyun.com/portal/cmmCss/fonts/GmarketSans/GmarketSansTTFBold.woff2]
[oramyun.com/portal/cmmCss/fonts/GmarketSans/GmarketSansTTFMedium.otf]
[oramyun.com/portal/cmmCss/fonts/GmarketSans/GmarketSansTTFMedium.ttf]
[oramyun.com/portal/cmmCss/fonts/GmarketSans/GmarketSansTTFMedium.woff]
[oramyun.com/portal/cmmCss/fonts/GmarketSans/GmarketSansTTFMedium.woff2]
[oramyun.com/portal/cmmCss/fonts/icon/icomoon2140.ttf]
[oramyun.com/portal/cmmCss/fonts/icon/icomoon2140.woff]
[oramyun.com/portal/cmmCss/font-face.css]
[oramyun.com/portal/cmmCss/jquery.mCustomScrollbar.css]
[oramyun.com/portal/img/eventpop/ico_eventpop_close.png]
[oramyun.com/portal/img/event/ico_event_close.png]
[oramyun.com/portal/img/layout/img_kakaofloating.png]
[oramyun.com/portal/img/layout/ico_instagram.png]
[oramyun.com/portal/img/layout/ico_kakaochannel.png]
[oramyun.com/portal/img/contents/ico_hintview_closebtn.png]
[oramyun.com/portal/css/layout.css]
[oramyun.com/portal/img/contents/ico_sign_kakao.png]
[oramyun.com/portal/img/contents/ico_sign_naver.png]
[oramyun.com/portal/img/contents/ico_sign_email.png]
[oramyun.com/portal/img/contents/ico_pager_prev.png]
[oramyun.com/portal/img/contents/ico_pager_next.png]
[oramyun.com/portal/img/contents/ico_pager_prevhover.png]
[oramyun.com/portal/img/contents/ico_pager_nexthover.png]
[oramyun.com/portal/img/contents/ico_share_url.png]
[oramyun.com/portal/img/contents/ico_review_next.png]
[oramyun.com/portal/img/contents/ico_review_prev.png]
[oramyun.com/portal/img/contents/img_sign_topimg01.png]
[oramyun.com/portal/img/contents/img_sign_topimg02.png]
[oramyun.com/portal/img/contents/ico_checkbox_off.png]
[oramyun.com/portal/img/contents/ico_checkbox_on.png]
[oramyun.com/portal/img/contents/ico_steparrow.png]
[oramyun.com/portal/img/main/img_sec04_slide_next.png]
[oramyun.com/portal/img/main/img_sec04_slide_prev.png]
[oramyun.com/portal/img/main/intro/ico_closebtn.png]
[oramyun.com/portal/img/main/intro/img_headlayer_bg.png]
[oramyun.com/portal/img/contents/img_toplinemark.png]
[oramyun.com/portal/img/contents/ico_sel-btn_off.png]
[oramyun.com/portal/img/contents/ico_sel-btn_on.png]
[oramyun.com/portal/img/contents/ico_sel-kpay.png]
[oramyun.com/portal/img/contents/ico_sel-npay.png]
[oramyun.com/portal/img/contents/ico_sel-card.png]
[oramyun.com/portal/img/contents/ico_noodleselect_arrow.png]
[oramyun.com/portal/img/contents/img_icon_complete.png]
[oramyun.com/portal/img/contents/ico_refreshbtn.png]
[oramyun.com/portal/img/main/renew/ico_review_on.png]
[oramyun.com/portal/img/main/renew/ico_review_off.png]
[oramyun.com/portal/img/contents/img_search_boximg.png]
[oramyun.com/portal/img/contents/ico_search-btn.png]
[oramyun.com/portal/img/contents/img_quiz_titbg.png]
[oramyun.com/portal/img/contents/img_emoji_thinking.png]
[oramyun.com/portal/img/contents/ico_difficulty_off.png]
[oramyun.com/portal/img/contents/ico_difficulty_on.png]
[oramyun.com/portal/img/contents/img_icon_coupon_save.png]
[oramyun.com/portal/img/contents/img_icon_delay.png]
[oramyun.com/portal/img/contents/img_icon_empty1.png]
[oramyun.com/portal/img/contents/img_icon_empty2.png]
[oramyun.com/portal/img/contents/img_icon_empty3.png]
[oramyun.com/portal/img/contents/img_icon_empty4.png]
[oramyun.com/portal/img/contents/img_icon_empty5.png]
[oramyun.com/portal/img/contents/img_icon_review_write.png]
[oramyun.com/portal/img/contents/img_icon_review_comp.png]
[oramyun.com/portal/img/contents/img_icon_coupon_use.png]
[oramyun.com/portal/img/contents/img_icon_point_save.png]
[oramyun.com/portal/img/contents/img_icon_point_use.png]
[oramyun.com/portal/css/content.css]
[oramyun.com/portal/img/contents/ico_image-addBtn.png]
[oramyun.com/portal/img/contents/imageBox-item_bg.png]
[oramyun.com/portal/img/contents/review-rating.png]
[oramyun.com/portal/img/contents/review-rating-on.png]
[oramyun.com/portal/css/content2.css]
[oramyun.com/portal/img/main/renew/img_mainvisual_bg.png]
[oramyun.com/portal/img/main/renew/img_mainvisual_under.png]
[oramyun.com/portal/img/main/renew/img_about_bg01.png]
[oramyun.com/portal/img/main/renew/img_about_bg02.png]
[oramyun.com/portal/img/main/renew/img_about_bg03.png]
[oramyun.com/portal/img/main/renew/img_about_bg04.png]
[oramyun.com/portal/img/main/renew/img_sec02_bg.png]
[oramyun.com/portal/img/main/renew/img_sec02_character.png]
[oramyun.com/portal/img/main/renew/img_sec03_character.png]
[oramyun.com/portal/img/main/renew/img_sec03_slidebg.png]
[oramyun.com/portal/img/main/renew/img_sec03_slide01.png]
[oramyun.com/portal/img/main/renew/img_sec03_slide02.png]
[oramyun.com/portal/img/main/renew/img_sec03_slide03.png]
[oramyun.com/portal/img/main/renew/img_snsbar_instagram.png]
[oramyun.com/portal/img/main/renew/img_snsbar_kakao.png]
[oramyun.com/portal/css/main_renew.css]
[oramyun.com/portal/img/main/intro/img_intro_charbg01.png]
[oramyun.com/portal/img/main/intro/ico_arrowbtn.png]
[oramyun.com/portal/img/main/intro/img_intro_bg02.png]
[oramyun.com/portal/img/main/intro/img_intro_bg02_btn.png]
[oramyun.com/portal/img/main/intro/img_slide_img01.png]
[oramyun.com/portal/img/main/intro/img_slide_img02.png]
[oramyun.com/portal/img/main/intro/img_intro_bg03_btn.png]
[oramyun.com/portal/css/main_intro.css]
[oramyun.com/images/sub/datapicker.html]
[oramyun.com/data.html]
[oramyun.com/data/SITE000001/ORMN_REVIEW/ORMN_REVIEW_202110160113262870.jpg]
[oramyun.com/data/SITE000001/ORMN_REVIEW/ORMN_REVIEW_202110160113263121.jpg]
[oramyun.com/data/SITE000001/ORMN_REVIEW/ORMN_REVIEW_202110160113263262.jpg]
[oramyun.com/data/SITE000001/ORMN_REVIEW/ORMN_REVIEW_202110160113263403.jpg]
[oramyun.com/data/SITE000001/ORMN_REVIEW/ORMN_REVIEW_202110160113263534.jpg]
[oramyun.com/view0772.html]
[oramyun.com/share/cmm/nhn_se2_mstr/dist/data/SITE000001/img_oramyun_subs_full_211008(1).png]
[oramyun.com/view353d.html]
[oramyun.com/viewe8b4.html]
[oramyun.com/view920b.html]
[oramyun.com/view320a.html]
[oramyun.com/view87dd.html]
[oramyun.com/viewfaac.html]
[oramyun.com/portal/cmmCss/fonts/montserrat/montserrat-v14-latin-100.svg]
[oramyun.com/portal/cmmCss/fonts/montserrat/montserrat-v14-latin-300.svg]
[oramyun.com/portal/cmmCss/fonts/montserrat/montserrat-v14-latin-600.svg]
[oramyun.com/portal/cmmCss/fonts/montserrat/montserrat-v14-latin-700.svg]
[oramyun.com/portal/cmmCss/fonts/montserrat/montserrat-v14-latin-900.svg]
[oramyun.com/portal/cmmCss/fonts/GmarketSans/GmarketSansTTFBold.html]
[oramyun.com/portal/cmmCss/fonts/GmarketSans/GmarketSansTTFBoldd41d.html]
[oramyun.com/portal/cmmCss/fonts/GmarketSans/GmarketSansTTFBold.svg]
[oramyun.com/portal/cmmCss/fonts/GmarketSans/GmarketSansTTFMedium.html]
[oramyun.com/portal/cmmCss/fonts/GmarketSans/GmarketSansTTFMediumd41d.html]
[oramyun.com/portal/cmmCss/fonts/GmarketSans/GmarketSansTTFMedium.svg]
[oramyun.com/portal/cmmCss/fonts/icon/icomoon2140.svg]
[oramyun.com/portal/cmmCss/mCSB_buttons.html]
[oramyun.com/portal/img/layout/logo.svg]
[oramyun.com/portal/img/contents/ico_mypage_arrow.svg]
[oramyun.com/portal/img/contents/ico_faq_arrow.svg]
